<html>
<body>
<pre>
<h1>µVision Build Log</h1>
<h2>Tool Versions:</h2>
IDE-Version: µVision V5.25.2.0
Copyright (C) 2018 ARM Ltd and ARM Germany GmbH. All rights reserved.
License Information: furkan ayaz, deü, LIC=----
 
Tool Versions:
Toolchain:       MDK-Lite  Version: 5.25.2.0
Toolchain Path:  E:\Program Files\ARM\ARMCC\Bin
C Compiler:      Armcc.exe V5.06 update 6 (build 750)
Assembler:       Armasm.exe V5.06 update 6 (build 750)
Linker/Locator:  ArmLink.exe V5.06 update 6 (build 750)
Library Manager: ArmAr.exe V5.06 update 6 (build 750)
Hex Converter:   FromElf.exe V5.06 update 6 (build 750)
CPU DLL:         SARMCM3.DLL V5.25.2.0
Dialog DLL:      DCM.DLL V1.17.1.0
Target DLL:      STLink\ST-LINKIII-KEIL_SWO.dll V3.0.1.0
Dialog DLL:      TCM.DLL V1.35.1.0
 
<h2>Project:</h2>
C:\Users\navy\Desktop\Blog\3 I2C\I2C 2 - Copy\I2C3.uvprojx
Project File Date:  04/23/2019

<h2>Output:</h2>
*** Using Compiler 'V5.06 update 6 (build 750)', folder: 'E:\Program Files\ARM\ARMCC\Bin'
Build target 'Target 1'
compiling main.c...
linking...
Program Size: Code=2608 RO-data=424 RW-data=32 ZI-data=1632  
".\Objects\I2C2.axf" - 0 Error(s), 0 Warning(s).

<h2>Software Packages used:</h2>

Package Vendor: ARM
                http://www.keil.com/pack/ARM.CMSIS.5.3.0.pack
                ARM.CMSIS.5.3.0
                CMSIS (Cortex Microcontroller Software Interface Standard)
   * Component: CORE Version: 5.1.1
   * Component: DSP Version: 1.5.2

Package Vendor: Keil
                http://www.keil.com/pack/Keil.STM32F4xx_DFP.1.0.8.pack
                Keil.STM32F4xx_DFP.1.0.8
                STMicroelectronics STM32F4 Series Device Support, Drivers and Examples
   * Component: Startup Version: 1.3.1
   * Component: Framework Version: 1.3.1
   * Component: GPIO Version: 1.3.0
   * Component: I2C Version: 1.3.0
   * Component: RCC Version: 1.3.0
   * Component: USART Version: 1.3.0

<h2>Collection of Component include folders:</h2>
  .\RTE\Device\STM32F407VG
  .\RTE\_Target_1
  E:\Program Files\ARM\CMSIS\5.3.0\CMSIS\Include
  E:\Program Files\Keil\STM32F4xx_DFP\1.0.8\Device\Include
  E:\Program Files\Keil\STM32F4xx_DFP\1.0.8\Device\StdPeriph_Driver\inc

<h2>Collection of Component Files used:</h2>

   * Component: ARM::CMSIS:CORE:5.1.1

   * Component: ARM::CMSIS:DSP:1.5.2
      Include file:  CMSIS\Include\arm_math.h
      Library file:  CMSIS\Lib\ARM\arm_cortexM4lf_math.lib

   * Component: Keil::Device:Startup:1.3.1
      Source file:   Device\Source\ARM\STM32F4xx_OTP.s
      Source file:   Device\Source\ARM\STM32F40xxx_41xxx_OPT.s
      Source file:   Device\Source\ARM\startup_stm32f40_41xxx.s
      Include file:  RTE_Driver\Config\RTE_Device.h
      Include file:  Device\Include\stm32f4xx.h
      Source file:   Device\Source\system_stm32f4xx.c

   * Component: Keil::Device:StdPeriph Drivers:Framework:1.3.1
      Source file:   Device\StdPeriph_Driver\templates\stm32f4xx_it.c
      Include file:  Device\StdPeriph_Driver\templates\stm32f4xx_it.h
      Source file:   Device\StdPeriph_Driver\src\misc.c
      Source file:   Device\StdPeriph_Driver\templates\stm32f4xx_conf.h

   * Component: Keil::Device:StdPeriph Drivers:GPIO:1.3.0
      Include file:  Device\StdPeriph_Driver\inc\stm32f4xx_gpio.h
      Source file:   Device\StdPeriph_Driver\src\stm32f4xx_gpio.c

   * Component: Keil::Device:StdPeriph Drivers:I2C:1.3.0
      Include file:  Device\StdPeriph_Driver\inc\stm32f4xx_i2c.h
      Source file:   Device\StdPeriph_Driver\src\stm32f4xx_i2c.c

   * Component: Keil::Device:StdPeriph Drivers:RCC:1.3.0
      Include file:  Device\StdPeriph_Driver\inc\stm32f4xx_rcc.h
      Source file:   Device\StdPeriph_Driver\src\stm32f4xx_rcc.c

   * Component: Keil::Device:StdPeriph Drivers:USART:1.3.0
      Source file:   Device\StdPeriph_Driver\src\stm32f4xx_usart.c
      Include file:  Device\StdPeriph_Driver\inc\stm32f4xx_usart.h
Build Time Elapsed:  00:00:03
</pre>
</body>
</html>
